344 Stuart Eva
345 Trey Jane
346 Clifford Simone
347 Kirk Alice
340 Warren Leticia
341 Gilbert Mia
342 Parker Hanna
343 Gustavo Katlyn
810 Virgil Delia
811 Isaias Micaela
812 Jamarcus Juana
813 Marques Leeann
348 Barry Elisabeth
349 Jordon Shana
816 Zechariah Alyse
817 Cary Elsa
595 Robin Jayme
719 Erich Janay
718 Elvis Kaylin
717 Cruz Georgia
716 Tyron Aurora
715 Braxton Lyndsay
714 Benny Kanisha
713 Sylvester Brittnee
712 Greg Tianna
711 Aubrey Mikayla
710 Jefferson Kimberlee
915 Jan Chastity
914 Gregg Cathy
606 Issac Sophie
917 Prince Trina
594 Chadwick Dianna
736 Hugh Porsha
916 Kegan Jessi
911 Giancarlo Brooklyn
619 Colten Josie
910 Darwin Lourdes
913 Isidro Nataly
298 Franklin Aubrey
299 Donovan Asia
296 Glenn Paula
297 Quinton Callie
294 Gavin Ciara
295 Karl Faith
292 Josue Gabriella
293 Salvador Hailey
290 Demetrius Tessa
291 Leonard Ruby
591 Stephon Brittny
590 Harley Genesis
593 Stewart Keshia
592 Keaton Noemi
199 Cesar Claudia
198 Preston Sasha
597 Davis Dakota
596 Winston Maranda
195 Julio Mayra
194 Dakota Amelia
197 Pedro Madeline
196 Arthur Theresa
191 Walter Bridget
190 Ross Meredith
193 Dalton Daisy
192 Randall Hillary
270 Tommy Kate
271 Alec Summer
272 Alfredo Aimee
273 Marcos Chelsie
274 Kurt Sharon
275 Andy Toni
276 Deandre Alissa
277 Morgan Devon
278 Melvin Misty
279 Harrison Karla
738 Ron Skyler
524 Mackenzie Alycia
525 Shelby Ryan
526 Dion Elyse
527 Gerard Kira
520 Dorian Kristyn
521 Duane Beverly
522 Jean Clara
523 Nathanael Jackie
599 Ignacio Savanna
528 Lukas Lena
529 Brice Juanita
994 Genaro Hali
449 Chris Sally
448 Chaz Vivian
443 Leroy Ciera
442 Demarcus Stephany
441 Sheldon Alaina
440 Daryl Bridgette
447 Coty Kerry
446 Dwight Jalisa
445 Denzel Kali
444 Clay Julianne
108 Johnathan Haley
109 Frank Briana
102 Seth Margaret
103 Douglas Brandi
100 Gabriel Shelby
101 Miguel Kaitlin
106 Derrick Casey
107 Wesley Bethany
104 Logan Krystal
105 Spencer Natasha
902 Valentin Maryann
903 Donta Dulce
39 Stephen Crystal
38 Charles Amy
906 Emerson Katheryn
907 Jabari Micah
904 Nikko Gabriel
905 Wallace Joana
33 Benjamin Victoria
32 Adam Kelsey
31 Cody Kimberly
30 Timothy Hannah
37 Sean Alexandra
36 Patrick Erica
35 Richard Mary
34 Aaron Sara
641 Floyd Macy
640 Rigoberto Dayna
643 Dusty Alysia
642 Ted Lacie
645 Addison Sofia
644 Jeff Maura
438 Emilio Kerri
439 Rogelio Staci
436 Korey Christie
437 Ty Josephine
434 Zane Infant
435 Jarvis Kaila
432 Kenny Marilyn
433 Isiah Kierra
430 Bernard Shanna
431 Gilberto Nora
339 Kendrick Isabel
338 Quentin Randi
335 Angelo Taryn
334 Alexis Annie
337 Beau Shayla
336 Dane Roxanne
331 Alvin Ashton
330 Tristan Cheyenne
333 Zackary Sylvia
332 Damien Rachelle
744 Jamil Debbie
1000 Tate Peggy
745 Hans Trista
854 Kiefer Fabiola
818 Darrick Ayla
856 Roosevelt Shea
857 Ken Susanna
850 Earnest Kalyn
851 Jerad Aileen
852 Khalil Cora
819 Edmund Charmaine
858 Carey Cody
859 Darion Ivette
748 Santos Kassie
6 David Sarah
900 Derrell Alysa
848 Rudolph Geneva
99 Garrett Diana
98 Devin Gabrielle
844 Louie Portia
91 Blake Meghan
90 Jesus Abigail
93 Mitchell Julie
92 Raymond Kathleen
95 Joel Alexandria
94 Adrian Ariel
97 Ronald Patricia
96 Erik Veronica
814 Shelton Elaina
815 Willis Valencia
740 Mohamed Iliana
741 Unknown Stefani
742 Arsenio Chandra
743 Cristopher Elissa
559 Arnold Ashlyn
558 Lane Eliza
746 Brandan Anabel
747 Dandre Deja
555 Marquise Susana
554 Jimmie Terri
557 Malik Alexia
556 Everett Araceli
551 Carter Brandie
550 Bryson Cayla
553 Don Brittanie
552 Jace Chantal
238 Micah Kristine
239 Collin Raquel
234 Zachery Kaylee
235 Terrance Cara
236 Roy Allyson
237 Marvin Pamela
230 Reginald Brittani
231 Jessie Jasmin
232 Eddie Hilary
233 Theodore Adrienne
992 Bill Cherish
1 Michael Jessica
614 Jasper Kenya
146 Tony Alexa
147 Jerry Candice
144 Larry Adriana
145 Carl Krista
142 Russell Candace
143 Edgar Jaclyn
140 Jake Grace
141 Allen Sierra
612 Hakeem Shante
613 Irvin Silvia
610 Baby Logan
611 Guadalupe Britni
616 German Emilie
617 Leonel Marisela
148 Mathew Lacey
149 Eduardo Rebekah
912 Garett Dominque
951 Channing Kanesha
948 Samir Helena
949 Alden Candy
946 Jeffry Danyelle
947 Peyton Geraldine
944 Wilbert Lisette
945 Federico Vicky
942 Rakeem Kallie
943 Reggie Shari
940 Kalvin Aja
941 Najee Fiona
768 Colt Lora
689 Solomon Skye
688 Jim Brittaney
685 Irving Abbie
684 Maximilian Joann
687 Bronson Ali
686 Spenser Roxana
681 Brooks Valeria
680 Wendell Yasmin
683 Shea Irma
682 Heriberto Arlene
623 Kyler Jenifer
622 Jovan Fatima
133 Angel Alison
132 Isaac Monique
131 Randy Nancy
130 Johnny Emma
137 Andre Brandy
136 Jeffery Britney
135 Oscar Alisha
134 Manuel Sandra
494 Frankie Norma
495 Pierre Kelsi
139 Colton Gina
138 Henry Joanna
490 Lloyd Mckenzie
491 Tomas Britany
492 Avery Tracey
493 Devan Latisha
24 Eric Chelsea
25 Steven Christina
26 Thomas Katherine
27 Brian Alyssa
20 Jacob Melissa
21 Tyler Rebecca
22 Zachary Michelle
23 Kevin Tiffany
927 Remington Tracie
28 Alexander Jasmine
29 Jordan Laura
407 Tyson Casandra
406 Stephan Corinne
405 Akeem Anita
404 Howard Kendall
403 Earl Larissa
402 Julius Kourtney
401 Rodolfo Katharine
400 Blaine Marisol
933 Rasheed Mari
932 Kelby Krystin
931 Cortney Kalie
930 Codie Jesica
937 Antione Blake
629 Jackie Lizbeth
409 Saul Elaine
408 Wyatt Shaina
628 Conner Kristian
758 Ellis Kiana
379 Simon Sandy
378 Hayden Katelynn
829 Cyrus Alessandra
828 Cedrick Sonja
371 Oliver Yvonne
370 Harry Suzanne
373 Clarence Chasity
372 Emanuel Christa
375 Clint Joy
374 Roman Johanna
377 Cedric Rochelle
376 Dexter Kristie
708 Bryon Tayler
709 Daquan Allyssa
704 Alton Celina
705 Austen Cori
706 Cooper Giselle
707 Harvey Krysta
700 Josh Lauryn
618 Gene Octavia
702 Moshe Latifah
703 Royce Shelley
393 Dominick Maribel
392 Keenan Beth
88 Caleb Cynthia
89 Casey Holly
397 Graham Blanca
396 Guillermo Keisha
395 Sam Nadia
394 Noel Charlene
82 Victor Leah
83 Dylan Julia
80 Keith Molly
81 Phillip Jenna
86 Nathaniel Melanie
87 Donald Marissa
84 Brett Bianca
85 Chad Tara
797 Jacques Avery
796 Brody Mai
795 Benito Jolene
794 Teddy Eboni
793 Sherman Kori
792 Aldo Joelle
791 Reece Jaqueline
790 Dejuan Noel
799 Asa Liana
798 Ulises Latonya
7 Andrew Stephanie
601 Griffin Kaley
607 Rusty Talia
586 Sammy Angie
587 Vicente Lakeisha
584 Rico Jennie
585 Leslie Lily
582 Kwame Lucia
583 Reuben Maricela
580 Blair Lynn
581 Thaddeus Sherry
588 Moses Emilee
589 Will Celia
245 Darrell Tiara
244 Colby Michele
247 Jamal Mackenzie
246 Abraham Tasha
241 Malcolm Gloria
240 Bruce Tina
243 Elijah Camille
242 Wayne Rosa
615 Deonte Christin
249 Geoffrey Shawna
248 Cole Kristy
924 Dave Carlie
970 Dionte Cory
925 Eddy Chanelle
519 Jamel Jami
518 Brenden Cristal
926 Jered Karli
511 Rodrigo Nicolette
510 Rick Shirley
513 Rory Annette
512 Humberto Sonya
515 Sidney Loren
514 Ben Katy
517 Quinn Kacie
516 Tracy Lea
458 Marlon Charity
459 Conor Margarita
621 Conrad Kaci
620 Nico Kiersten
627 Agustin Katlin
626 Nestor Gretchen
625 Ezekiel Lizette
624 Ryne Belinda
450 Tyrell Tammy
451 Brendon Lucy
452 Terence Precious
453 Owen Debra
454 Deangelo Judith
455 Perry Sadie
456 Carson Tiffani
457 Kasey Kirstie
979 Deontae Tosha
179 Fernando Kylie
178 Ivan Ashleigh
177 Ruben Autumn
176 Ricky Mercedes
175 Micheal Linda
174 Lawrence Angel
173 Calvin Stacy
172 Max Susan
171 Jimmy Kiara
170 Edwin Carrie
977 Torrey Graciela
656 Ashley Lorraine
975 Martell Dora
974 Marcelo Danae
973 Kraig Annmarie
972 Justine Eryn
971 Jedidiah Deidre
657 Rocky Clare
654 Erin Kaitlynn
253 Trent Latoya
978 Trace Shamika
182 Levi Gabriela
183 Grant Caitlyn
180 Rodney Teresa
181 Lance Kelli
186 Xavier Arielle
187 Nicolas Ebony
184 Dillon Renee
185 Bobby Cindy
886 Daren Danika
652 Donnell Stevie
188 Maxwell Justine
189 Dominic Karina
658 Kellen Julianna
653 Jonah Alexandrea
650 Nathanial Christen
651 Sonny Kacey
764 Bernardo Daphne
11 Ryan Megan
10 Joseph Lauren
13 Robert Nicole
12 John Emily
15 Anthony Amber
14 Nicholas Kayla
17 Jonathan Courtney
16 William Rachel
19 Brandon Heather
18 Kyle Danielle
863 Deron Gianna
862 Ari Becky
865 Jessica Cherie
864 Greggory Nia
867 Kenton Lucero
866 Jorden Janell
884 Zakary Deana
938 Britton Bree
659 Paris Janine
883 Marion Shelbi
753 Ulysses Kiley
881 Anderson Sarai
880 Van Samatha
887 Kendal Marjorie
831 Junior Christiana
885 Cade Demetria
752 Trever Kandice
928 Kai Eunice
62 Cameron Christine
888 Vince Shakira
950 Alexandre Edna
756 Holden Pauline
929 Talon Imani
809 Jerald Tanesha
322 Damian Clarissa
323 Wade Lori
320 Sebastian Helen
321 Damon Kelsie
326 Landon Cecilia
327 Zachariah Shaniqua
324 Harold Marina
325 Fabian Adrianna
328 Ray Guadalupe
329 Giovanni Jill
759 Wilfredo Marcella
201 Clinton Robin
200 Darren Heidi
203 Andres Madison
202 Rafael Destiny
205 Maurice Wendy
204 Bryant Savannah
207 Dominique Melinda
206 Isaiah Lydia
209 Roger Tamara
208 Mason Ellen
779 Edgardo Kelsea
778 Dereck Hallie
889 Aidan Karly
77 Antonio Kristina
76 Trevor Monica
75 Carlos Katelyn
74 Peter Erika
73 Shane April
72 Marcus Olivia
71 Evan Catherine
70 Ian Brooke
655 Reed Jaleesa
79 George Paige
78 Vincent Kaitlyn
2 Christopher Ashley
805 Alonso Marla
804 Fidel Makayla
669 Grayson Devan
668 Antwon Janie
667 Demario Viviana
666 Tory Kimberley
665 Lionel Paola
664 Cecil Alina
663 Rex Yessenia
662 Jamison Nathalie
661 Jameson Antonia
660 Dan Nikita
769 Garry Tiera
692 Tom Kristal
693 Aric Leann
690 Uriel Shanae
691 Jerrell Tiffanie
696 Barrett Chrystal
697 Otis Eden
694 Jess Nadine
695 Octavio Alesha
698 Elmer Amie
699 Jody Domonique
542 Freddy Paris
543 Kristofer Kala
540 Kadeem Mara
541 Noe Jacklyn
546 Tylor Breana
547 Mauricio Rita
544 Reid Carina
545 Donnie Jana
8 James Jennifer
548 Adan Rocio
549 Deon Whitley
68 Edward Shannon
598 Joaquin Eleanor
995 Waylon Tarah
869 Mykel Ella
997 Eliezer Asha
996 Brittany Annemarie
991 Torey Shantell
990 Lazaro Deirdre
993 Bruno Linsey
868 Laron Brook
999 Misael Leila
998 Jory Jada
120 Curtis Karen
121 Ricardo Felicia
122 Colin Jillian
123 Julian Brenda
124 Jonathon Ana
125 Alan Desiree
126 Alejandro Meagan
127 Brent Katrina
128 Troy Chelsey
129 Dennis Valerie
765 Ezequiel Selina
414 Esteban Kayleigh
415 Hugo Cheryl
416 Leonardo Tabatha
417 Cristian Iris
410 Kurtis Alysha
411 Jarred Arianna
412 Derick Shayna
413 Ismael Sheila
920 Abram Shanell
498 Fred Breanne
922 Cassidy Sidney
923 Cristobal Anjelica
418 Bret Brenna
419 Zackery Chanel
776 Jonas Julissa
499 Jayson Shantel
319 Jackson Christian
318 Jarrod Brianne
313 Stanley Karissa
312 Eugene Kassandra
311 Riley Michaela
310 Ernesto Jaime
317 Israel Donna
316 Chance Devin
315 Brady Sonia
314 Orlando Melody
861 Quinten Baby
921 Cale Sherri
496 Jaron Tricia
832 Antony Martina
833 Claude Melina
830 Jade Billie
497 Rolando Maureen
836 Mickey Janna
837 Alexandro Nikole
834 Francesco Tyesha
835 Ira Jamila
838 Carlo Teri
839 Dangelo Bridgett
808 Gregorio Lana
3 Matthew Brittany
725 Tobias Rebeca
368 Felix Alana
369 Elliot Liliana
366 Dante Lillian
367 Stefan Meaghan
364 Alfred Shauna
365 Ashton Tonya
362 Brad Chantel
363 Eli Diane
360 Elias Latasha
361 Antoine Yvette
959 Malachi Cari
952 Chauncey Lia
882 Jarret Dara
380 Jarrett Bonnie
381 Tevin Daniela
382 Allan Anastasia
383 Brennan Lorena
384 Abel Lyndsey
385 Ralph Tanisha
386 Kory Alma
387 Roderick Irene
388 Rudy Keri
389 Infant Leanna
784 Kirby Laci
785 Martez Monika
786 Josef Olga
787 Coleman Phylicia
780 Jerod Selena
781 Marty Kathrine
782 Pete Darcy
783 Dario Adrianne
788 Cullen Kim
789 Gino Marquita
860 Jerel Kia
605 Liam Rhonda
579 Bradford Allie
578 Jakob Madeleine
604 Mohammad Luz
573 Nigel Tess
572 Mitchel Tamika
571 Lamont Paulina
570 Kristian Kyra
577 Toby Betty
576 Alvaro Maegan
575 Kareem Judy
574 Freddie Cecily
60 Christian Whitney
61 Juan Brianna
258 Marquis Janelle
259 Arturo Mariah
64 Taylor Lisa
65 Bradley Kristin
66 Luis Alexis
67 Cory Jacqueline
252 Frederick Tanya
69 Shawn Lindsay
250 Ramon Sophia
251 Johnathon Ann
256 Terrence Kari
257 Brock Carissa
254 Gerardo Jessie
255 Darryl Marisa
603 Anton Adrian
602 Bo Kailey
939 Hernan Roberta
731 Dashawn Athena
730 Deven Griselda
733 Hassan Madelyn
732 Derik Iesha
735 Dontae Bernadette
734 Westley Rubi
508 Lonnie Mariana
509 Darrin Rosemary
506 Garret Constance
507 Mike Jaimie
504 Quintin Zoe
505 Roland Serena
502 Quincy Janae
503 Rickey Kathy
500 Keegan Daniella
501 Markus Angelia
630 Loren Terra
631 Darian Angelique
632 Lester Ashely
633 Lyle Bryanna
469 Brenton Leigh
468 Fredrick Cassidy
636 Garrick Perla
637 Herman Racheal
465 Raphael Francesca
464 Glen Eileen
467 Moises Mandy
466 Skylar Tori
461 Heath Krystle
460 Neal Alisa
463 Sterling Noelle
462 Kameron Mollie
901 Monte Marcia
168 Louis Stacey
169 Bryce Carolyn
164 Terry Tabitha
165 Kristopher Cristina
166 Jack Raven
167 Albert Priscilla
160 Drew Colleen
161 Sergio Audrey
162 Danny Mallory
163 Marc Carly
964 Elton Marsha
965 Emmett Janel
966 Marlin Dena
967 Mikhail Lizeth
960 Shay Haleigh
961 Tyrel Jeanne
962 Cornell Jesenia
963 Eliseo Mariel
968 Silas Luisa
969 Davin Marlena
936 Laurence Alannah
935 Elvin Marian
934 Abdul Loretta
908 Jacoby Catrina
909 Kendell Jessenia
600 Aron Jessika
878 Kevon Kati
879 Titus Kenisha
876 Dayton Mandi
877 Ibrahim Corrine
874 Marquez Jaimee
875 Stacey Magen
872 Bennie Phoebe
873 Malcom Alexander
870 Rocco Andria
871 Timmy Jodie
9 Justin Elizabeth
890 Broderick Liza
891 Pierce Tera
892 Tommie Isabella
893 Chaim Lashonda
894 Michel Chaya
647 Dewayne Elisha
896 Reese Lakeshia
897 Andreas Lissette
898 Axel Richelle
899 Brennen Roxanna
646 Vance Corina
649 Adolfo Laurie
648 Khiry Jesse
357 Pablo Brittni
356 Courtney Ericka
355 Rashad Lacy
354 Josiah Antoinette
353 Darnell Elena
352 Joey Tierra
351 Kelly Frances
350 Lamar Carol
803 Donavan Leandra
802 Stevie Alex
801 Demarco Moriah
800 Codey Maira
807 Brandyn Kaela
806 Alphonso Kaylie
359 Gage Dawn
358 Elliott Alyson
216 Jon Kasey
217 Jay Carmen
214 Billy Jenny
215 Jaime Virginia
212 Joe Chloe
213 Lee Marie
210 Raul Barbara
211 Gerald Alejandra
762 Camron Chelsi
763 Ezra Joan
760 Jessy Princess
761 Morris Carley
766 Galen Bobbi
767 Luther Keely
218 Emmanuel Jade
219 Hunter Jocelyn
957 Elisha Kacy
956 Derrek Catalina
289 Kendall Stefanie
288 Kelvin Maggie
4 Joshua Amanda
281 Nelson Regina
280 Marshall Jeanette
283 Ernest Tatiana
282 Terrell Nikki
285 Dale Miriam
284 Francis Christy
287 Desmond Charlotte
286 Dean Esther
678 Mohammed Alecia
679 Myron Gwendolyn
674 Bennett Janessa
675 Damion Cameron
676 Chester Kortney
677 Jairo Kaylyn
670 Jamaal Kasandra
671 Nick Corey
672 Randolph Rhiannon
673 Arron Audra
263 Enrique Carla
262 Ronnie Deborah
261 Neil Angelina
260 Tyrone Nina
267 Steve Hayley
266 Trenton Hope
265 Byron Elise
264 Jerome Kellie
269 Miles Kristi
268 Nickolas Cierra
701 Male Myra
59 Alex Jordan
58 Ethan Morgan
55 Austin Katie
54 Derek Jamie
57 Bryan Kathryn
56 Corey Vanessa
51 Gregory Lindsey
50 Dustin Caitlin
53 Scott Alicia
52 Kenneth Angela
537 Clark Tyler
536 Reynaldo Justina
535 Javon Ashly
63 Jared Natalie
533 Cortez Isamar
532 Dana Laurel
531 Herbert Kaleigh
530 Darin Gladys
539 Efrain Lesley
538 Drake Lara
987 Edwardo Lynsey
775 Brant Breann
988 Keenen Renae
989 Kristoffer Shameka
774 Grady Felisha
982 Jeremey Christopher
983 Jeromy Elyssa
980 Donny Marianne
981 Jarrell Wanda
986 Coby Jody
777 Niko Melisa
984 Keven Emilia
985 Tavon Kimber
115 Francisco Leslie
114 Gary Dana
117 Jorge Kendra
116 Craig Caroline
111 Philip Rachael
110 Chase Kara
113 Martin Breanna
112 Lucas Miranda
771 Raheem Jean
119 Mario Angelica
118 Luke Sabrina
770 Gonzalo Ivy
773 Efren Mikaela
772 Darrel Jeannette
953 Julien Ava
429 Shannon Diamond
428 Myles Kyla
534 Antwan Leanne
919 Samson Magdalena
918 Rashaad Fallon
421 Jamar Elisa
420 Forrest Stacie
423 Alfonso Mindy
422 Charlie Kylee
425 Carlton Esmeralda
424 Donte Tiana
427 Felipe Juliana
426 Corbin Dorothy
308 Diego Kelley
309 Lorenzo Robyn
855 Lincoln Heaven
300 Branden Naomi
301 Skyler Jazmine
302 Nolan Carolina
303 Rene Tia
304 Kody Jazmin
305 Kaleb Trisha
306 Jermaine Ruth
307 Dwayne Rose
895 Payton Holli
825 Mychal Gillian
824 Laquan Rikki
827 Rodrick Riley
847 Madison Cecelia
846 August Kaycee
845 Walker Destinee
826 Raymundo Laquita
843 Trevon Brittnie
842 Rhett Tameka
841 Darien Krysten
840 Ervin Deidra
821 Kolby Mariela
853 Travon Doris
849 Daron Ivana
820 Keon Lynette
823 Domingo Kyle
822 Stacy Symone
954 Tremaine Laken
568 Jerrod Aisha
569 Darrius Sade
751 Robbie Kandace
750 Ladarius Michael
757 Mikel Martika
737 Duncan Ingrid
755 Jaquan Dina
754 Vaughn Krystina
560 Marcel Edith
561 Johnnie Joanne
562 Ahmad Jena
563 Santiago Skylar
564 Tyree Kirstin
565 Guy Shelly
566 Milton Kiera
567 Salvatore Katelin
739 Amos Betsy
229 Armando Martha
228 Noah Cassie
227 Jamie Ariana
226 Marco Bailey
225 Alberto Cortney
224 Shaun Tracy
223 Erick Janet
222 Willie Abby
221 Connor Jacquelyn
220 Tanner Evelyn
391 Dallas Yolanda
726 Justen Reyna
727 Scotty Shanice
724 Rashawn Cassondra
390 Leon Marlene
722 Randal Ashli
723 Dominque Britny
720 Estevan Beatrice
721 Ahmed Chantelle
728 Houston Shanika
729 Kelsey Jerica
151 Devon Nichole
150 Roberto Sydney
153 Clayton Dominique
152 Darius Denise
155 Brendan Anne
154 Jeremiah Ashlee
157 Javier Kirsten
156 Hector Yesenia
159 Omar Claire
158 Todd Deanna
609 Leland Hollie
608 Amir Jerrica
976 Ronny Georgina
634 Jarod Janette
399 Lewis Maya
635 Bradly Yadira
749 Cordell Latrice
958 Garrison Kristan
398 Weston Celeste
48 Jesse Allison
49 Paul Cassandra
46 Mark Taylor
47 Jason Maria
44 Nathan Brittney
45 Samuel Anna
42 Travis Kristen
43 Jeffrey Erin
40 Jeremy Andrea
41 Jose Kelly
638 Clyde Bobbie
5 Daniel Samantha
639 Osvaldo Danica
489 Vernon Tania
488 Kent India
487 Cornelius Blair
486 Chandler Maritza
485 Braden Genevieve
484 Shayne Darlene
483 Kerry Connie
482 Ariel Abbey
481 Deshawn Desirae
480 Wilson Jordyn
955 Camden Lee
472 Nikolas Beatriz
473 Clifton Jodi
470 Norman Sheena
471 Gordon Patrice
476 Alonzo Ashlie
477 Leo Janice
474 Ali Alanna
475 Tucker Traci
478 Ramiro Natalia
479 Davon Joyce
